2025-03-25 08:12:53,667 - INFO - Начало обучения LSTM-автоэнкодера
2025-03-25 08:12:53,668 - INFO - Загрузка данных...
2025-03-25 08:12:53,690 - INFO - Используется устройство: cpu
2025-03-25 08:12:55,164 - INFO - Начало обучения...
2025-03-25 08:12:55,378 - INFO - Epoch 1/100:
2025-03-25 08:12:55,379 - INFO - Train Loss: 20644.1892
2025-03-25 08:12:55,379 - INFO - Val Loss: 24023.8012
2025-03-25 08:12:55,395 - INFO - Сохранена лучшая модель
2025-03-25 08:12:55,514 - INFO - Epoch 2/100:
2025-03-25 08:12:55,514 - INFO - Train Loss: 21110.9288
2025-03-25 08:12:55,514 - INFO - Val Loss: 23996.0595
2025-03-25 08:12:55,517 - INFO - Сохранена лучшая модель
2025-03-25 08:12:55,627 - INFO - Epoch 3/100:
2025-03-25 08:12:55,627 - INFO - Train Loss: 20806.3685
2025-03-25 08:12:55,628 - INFO - Val Loss: 23949.2114
2025-03-25 08:12:55,630 - INFO - Сохранена лучшая модель
2025-03-25 08:12:55,743 - INFO - Epoch 4/100:
2025-03-25 08:12:55,743 - INFO - Train Loss: 21555.8320
2025-03-25 08:12:55,744 - INFO - Val Loss: 23929.5546
2025-03-25 08:12:55,746 - INFO - Сохранена лучшая модель
2025-03-25 08:12:55,856 - INFO - Epoch 5/100:
2025-03-25 08:12:55,856 - INFO - Train Loss: 20532.6275
2025-03-25 08:12:55,857 - INFO - Val Loss: 23926.4511
2025-03-25 08:12:55,859 - INFO - Сохранена лучшая модель
2025-03-25 08:12:55,972 - INFO - Epoch 6/100:
2025-03-25 08:12:55,972 - INFO - Train Loss: 20495.4899
2025-03-25 08:12:55,973 - INFO - Val Loss: 23923.1232
2025-03-25 08:12:55,975 - INFO - Сохранена лучшая модель
2025-03-25 08:12:56,198 - INFO - Epoch 7/100:
2025-03-25 08:12:56,198 - INFO - Train Loss: 21016.7390
2025-03-25 08:12:56,199 - INFO - Val Loss: 23920.4717
2025-03-25 08:12:56,201 - INFO - Сохранена лучшая модель
2025-03-25 08:12:56,314 - INFO - Epoch 8/100:
2025-03-25 08:12:56,315 - INFO - Train Loss: 20790.0937
2025-03-25 08:12:56,315 - INFO - Val Loss: 23919.9962
2025-03-25 08:12:56,317 - INFO - Сохранена лучшая модель
2025-03-25 08:12:56,431 - INFO - Epoch 9/100:
2025-03-25 08:12:56,431 - INFO - Train Loss: 21027.5024
2025-03-25 08:12:56,431 - INFO - Val Loss: 23921.8133
2025-03-25 08:12:56,548 - INFO - Epoch 10/100:
2025-03-25 08:12:56,548 - INFO - Train Loss: 20751.1316
2025-03-25 08:12:56,549 - INFO - Val Loss: 23919.0065
2025-03-25 08:12:56,572 - INFO - Сохранена лучшая модель
2025-03-25 08:12:56,689 - INFO - Epoch 11/100:
2025-03-25 08:12:56,689 - INFO - Train Loss: 21252.9051
2025-03-25 08:12:56,690 - INFO - Val Loss: 23919.3950
2025-03-25 08:12:56,801 - INFO - Epoch 12/100:
2025-03-25 08:12:56,801 - INFO - Train Loss: 22026.9156
2025-03-25 08:12:56,801 - INFO - Val Loss: 23919.1347
2025-03-25 08:12:56,916 - INFO - Epoch 13/100:
2025-03-25 08:12:56,917 - INFO - Train Loss: 20748.0787
2025-03-25 08:12:56,917 - INFO - Val Loss: 23920.1587
2025-03-25 08:12:57,034 - INFO - Epoch 14/100:
2025-03-25 08:12:57,035 - INFO - Train Loss: 20776.5427
2025-03-25 08:12:57,035 - INFO - Val Loss: 23921.0300
2025-03-25 08:12:57,157 - INFO - Epoch 15/100:
2025-03-25 08:12:57,157 - INFO - Train Loss: 21025.6079
2025-03-25 08:12:57,157 - INFO - Val Loss: 23920.8413
2025-03-25 08:12:57,270 - INFO - Epoch 16/100:
2025-03-25 08:12:57,271 - INFO - Train Loss: 20260.7412
2025-03-25 08:12:57,271 - INFO - Val Loss: 23919.5694
2025-03-25 08:12:57,391 - INFO - Epoch 17/100:
2025-03-25 08:12:57,394 - INFO - Train Loss: 20514.1771
2025-03-25 08:12:57,394 - INFO - Val Loss: 23917.8564
2025-03-25 08:12:57,397 - INFO - Сохранена лучшая модель
2025-03-25 08:12:57,517 - INFO - Epoch 18/100:
2025-03-25 08:12:57,518 - INFO - Train Loss: 20780.1333
2025-03-25 08:12:57,518 - INFO - Val Loss: 23919.6371
2025-03-25 08:12:57,638 - INFO - Epoch 19/100:
2025-03-25 08:12:57,639 - INFO - Train Loss: 20264.6203
2025-03-25 08:12:57,639 - INFO - Val Loss: 23920.4628
2025-03-25 08:12:57,806 - INFO - Epoch 20/100:
2025-03-25 08:12:57,806 - INFO - Train Loss: 20525.9723
2025-03-25 08:12:57,806 - INFO - Val Loss: 23919.8149
2025-03-25 08:12:57,922 - INFO - Epoch 21/100:
2025-03-25 08:12:57,922 - INFO - Train Loss: 20773.3992
2025-03-25 08:12:57,922 - INFO - Val Loss: 23920.8819
2025-03-25 08:12:58,038 - INFO - Epoch 22/100:
2025-03-25 08:12:58,038 - INFO - Train Loss: 20786.8286
2025-03-25 08:12:58,038 - INFO - Val Loss: 23917.7938
2025-03-25 08:12:58,054 - INFO - Сохранена лучшая модель
2025-03-25 08:12:58,170 - INFO - Epoch 23/100:
2025-03-25 08:12:58,171 - INFO - Train Loss: 21774.4377
2025-03-25 08:12:58,171 - INFO - Val Loss: 23919.5927
2025-03-25 08:12:58,284 - INFO - Epoch 24/100:
2025-03-25 08:12:58,284 - INFO - Train Loss: 21508.4833
2025-03-25 08:12:58,284 - INFO - Val Loss: 23919.6536
2025-03-25 08:12:58,397 - INFO - Epoch 25/100:
2025-03-25 08:12:58,397 - INFO - Train Loss: 21032.8013
2025-03-25 08:12:58,397 - INFO - Val Loss: 23917.6323
2025-03-25 08:12:58,404 - INFO - Сохранена лучшая модель
2025-03-25 08:12:58,517 - INFO - Epoch 26/100:
2025-03-25 08:12:58,518 - INFO - Train Loss: 21015.3774
2025-03-25 08:12:58,518 - INFO - Val Loss: 23920.9609
2025-03-25 08:12:58,634 - INFO - Epoch 27/100:
2025-03-25 08:12:58,635 - INFO - Train Loss: 21518.5008
2025-03-25 08:12:58,635 - INFO - Val Loss: 23919.0834
2025-03-25 08:12:58,748 - INFO - Epoch 28/100:
2025-03-25 08:12:58,749 - INFO - Train Loss: 20766.8083
2025-03-25 08:12:58,749 - INFO - Val Loss: 23918.7931
2025-03-25 08:12:58,863 - INFO - Epoch 29/100:
2025-03-25 08:12:58,864 - INFO - Train Loss: 20765.6683
2025-03-25 08:12:58,864 - INFO - Val Loss: 23920.0920
2025-03-25 08:12:58,977 - INFO - Epoch 30/100:
2025-03-25 08:12:58,977 - INFO - Train Loss: 20523.7295
2025-03-25 08:12:58,978 - INFO - Val Loss: 23919.0737
2025-03-25 08:12:59,090 - INFO - Epoch 31/100:
2025-03-25 08:12:59,090 - INFO - Train Loss: 20519.8444
2025-03-25 08:12:59,092 - INFO - Val Loss: 23921.7053
2025-03-25 08:12:59,203 - INFO - Epoch 32/100:
2025-03-25 08:12:59,204 - INFO - Train Loss: 20286.1253
2025-03-25 08:12:59,204 - INFO - Val Loss: 23921.4182
2025-03-25 08:12:59,318 - INFO - Epoch 33/100:
2025-03-25 08:12:59,318 - INFO - Train Loss: 21029.2462
2025-03-25 08:12:59,318 - INFO - Val Loss: 23920.1099
2025-03-25 08:12:59,432 - INFO - Epoch 34/100:
2025-03-25 08:12:59,432 - INFO - Train Loss: 20518.5947
2025-03-25 08:12:59,433 - INFO - Val Loss: 23917.2552
2025-03-25 08:12:59,435 - INFO - Сохранена лучшая модель
2025-03-25 08:12:59,550 - INFO - Epoch 35/100:
2025-03-25 08:12:59,551 - INFO - Train Loss: 20994.5180
2025-03-25 08:12:59,551 - INFO - Val Loss: 23917.8171
2025-03-25 08:12:59,665 - INFO - Epoch 36/100:
2025-03-25 08:12:59,665 - INFO - Train Loss: 20761.3211
2025-03-25 08:12:59,665 - INFO - Val Loss: 23922.7230
2025-03-25 08:12:59,780 - INFO - Epoch 37/100:
2025-03-25 08:12:59,780 - INFO - Train Loss: 21037.1070
2025-03-25 08:12:59,780 - INFO - Val Loss: 23919.1495
2025-03-25 08:12:59,892 - INFO - Epoch 38/100:
2025-03-25 08:12:59,893 - INFO - Train Loss: 21026.1754
2025-03-25 08:12:59,893 - INFO - Val Loss: 23918.5460
2025-03-25 08:13:00,012 - INFO - Epoch 39/100:
2025-03-25 08:13:00,012 - INFO - Train Loss: 21263.7894
2025-03-25 08:13:00,013 - INFO - Val Loss: 23920.2097
2025-03-25 08:13:00,124 - INFO - Epoch 40/100:
2025-03-25 08:13:00,125 - INFO - Train Loss: 21263.6469
2025-03-25 08:13:00,125 - INFO - Val Loss: 23920.8459
2025-03-25 08:13:00,240 - INFO - Epoch 41/100:
2025-03-25 08:13:00,240 - INFO - Train Loss: 21546.0620
2025-03-25 08:13:00,241 - INFO - Val Loss: 23921.5112
2025-03-25 08:13:00,355 - INFO - Epoch 42/100:
2025-03-25 08:13:00,356 - INFO - Train Loss: 21523.3890
2025-03-25 08:13:00,356 - INFO - Val Loss: 23921.0658
2025-03-25 08:13:00,469 - INFO - Epoch 43/100:
2025-03-25 08:13:00,470 - INFO - Train Loss: 20759.7851
2025-03-25 08:13:00,470 - INFO - Val Loss: 23918.3599
2025-03-25 08:13:00,619 - INFO - Epoch 44/100:
2025-03-25 08:13:00,620 - INFO - Train Loss: 21007.7908
2025-03-25 08:13:00,620 - INFO - Val Loss: 23920.2440
2025-03-25 08:13:00,755 - INFO - Epoch 45/100:
2025-03-25 08:13:00,756 - INFO - Train Loss: 21509.0886
2025-03-25 08:13:00,756 - INFO - Val Loss: 23921.7205
2025-03-25 08:13:00,876 - INFO - Epoch 46/100:
2025-03-25 08:13:00,877 - INFO - Train Loss: 20755.5865
2025-03-25 08:13:00,877 - INFO - Val Loss: 23919.2201
2025-03-25 08:13:00,989 - INFO - Epoch 47/100:
2025-03-25 08:13:00,990 - INFO - Train Loss: 20793.8245
2025-03-25 08:13:00,990 - INFO - Val Loss: 23922.1837
2025-03-25 08:13:01,106 - INFO - Epoch 48/100:
2025-03-25 08:13:01,107 - INFO - Train Loss: 21271.9584
2025-03-25 08:13:01,107 - INFO - Val Loss: 23919.3058
2025-03-25 08:13:01,223 - INFO - Epoch 49/100:
2025-03-25 08:13:01,223 - INFO - Train Loss: 20999.7235
2025-03-25 08:13:01,224 - INFO - Val Loss: 23917.6854
2025-03-25 08:13:01,347 - INFO - Epoch 50/100:
2025-03-25 08:13:01,348 - INFO - Train Loss: 21268.5460
2025-03-25 08:13:01,348 - INFO - Val Loss: 23919.5844
2025-03-25 08:13:01,469 - INFO - Epoch 51/100:
2025-03-25 08:13:01,470 - INFO - Train Loss: 21503.2018
2025-03-25 08:13:01,470 - INFO - Val Loss: 23918.7662
2025-03-25 08:13:01,584 - INFO - Epoch 52/100:
2025-03-25 08:13:01,585 - INFO - Train Loss: 21015.2547
2025-03-25 08:13:01,585 - INFO - Val Loss: 23919.4437
2025-03-25 08:13:01,697 - INFO - Epoch 53/100:
2025-03-25 08:13:01,698 - INFO - Train Loss: 21281.7266
2025-03-25 08:13:01,698 - INFO - Val Loss: 23919.0778
2025-03-25 08:13:01,814 - INFO - Epoch 54/100:
2025-03-25 08:13:01,815 - INFO - Train Loss: 21010.0122
2025-03-25 08:13:01,815 - INFO - Val Loss: 23920.0524
2025-03-25 08:13:01,930 - INFO - Epoch 55/100:
2025-03-25 08:13:01,930 - INFO - Train Loss: 20756.5759
2025-03-25 08:13:01,930 - INFO - Val Loss: 23921.7856
2025-03-25 08:13:02,040 - INFO - Epoch 56/100:
2025-03-25 08:13:02,041 - INFO - Train Loss: 21016.5028
2025-03-25 08:13:02,041 - INFO - Val Loss: 23919.8732
2025-03-25 08:13:02,157 - INFO - Epoch 57/100:
2025-03-25 08:13:02,158 - INFO - Train Loss: 20523.5554
2025-03-25 08:13:02,158 - INFO - Val Loss: 23919.5735
2025-03-25 08:13:02,270 - INFO - Epoch 58/100:
2025-03-25 08:13:02,271 - INFO - Train Loss: 21277.9381
2025-03-25 08:13:02,271 - INFO - Val Loss: 23920.2615
2025-03-25 08:13:02,389 - INFO - Epoch 59/100:
2025-03-25 08:13:02,390 - INFO - Train Loss: 21032.1230
2025-03-25 08:13:02,390 - INFO - Val Loss: 23918.9771
2025-03-25 08:13:02,503 - INFO - Epoch 60/100:
2025-03-25 08:13:02,503 - INFO - Train Loss: 20517.9123
2025-03-25 08:13:02,504 - INFO - Val Loss: 23922.5482
2025-03-25 08:13:02,618 - INFO - Epoch 61/100:
2025-03-25 08:13:02,618 - INFO - Train Loss: 21292.7210
2025-03-25 08:13:02,619 - INFO - Val Loss: 23919.7730
2025-03-25 08:13:02,730 - INFO - Epoch 62/100:
2025-03-25 08:13:02,731 - INFO - Train Loss: 21030.0995
2025-03-25 08:13:02,731 - INFO - Val Loss: 23920.0450
2025-03-25 08:13:02,843 - INFO - Epoch 63/100:
2025-03-25 08:13:02,843 - INFO - Train Loss: 21258.3942
2025-03-25 08:13:02,844 - INFO - Val Loss: 23921.2282
2025-03-25 08:13:02,959 - INFO - Epoch 64/100:
2025-03-25 08:13:02,959 - INFO - Train Loss: 21026.2339
2025-03-25 08:13:02,959 - INFO - Val Loss: 23917.1435
2025-03-25 08:13:02,962 - INFO - Сохранена лучшая модель
2025-03-25 08:13:03,080 - INFO - Epoch 65/100:
2025-03-25 08:13:03,080 - INFO - Train Loss: 21015.9587
2025-03-25 08:13:03,080 - INFO - Val Loss: 23919.0712
2025-03-25 08:13:03,189 - INFO - Epoch 66/100:
2025-03-25 08:13:03,190 - INFO - Train Loss: 21012.2767
2025-03-25 08:13:03,190 - INFO - Val Loss: 23921.0344
2025-03-25 08:13:03,304 - INFO - Epoch 67/100:
2025-03-25 08:13:03,304 - INFO - Train Loss: 21017.8346
2025-03-25 08:13:03,304 - INFO - Val Loss: 23918.6583
2025-03-25 08:13:03,421 - INFO - Epoch 68/100:
2025-03-25 08:13:03,422 - INFO - Train Loss: 21262.7704
2025-03-25 08:13:03,422 - INFO - Val Loss: 23921.3525
2025-03-25 08:13:03,587 - INFO - Epoch 69/100:
2025-03-25 08:13:03,588 - INFO - Train Loss: 20504.9519
2025-03-25 08:13:03,588 - INFO - Val Loss: 23919.7249
2025-03-25 08:13:03,697 - INFO - Epoch 70/100:
2025-03-25 08:13:03,698 - INFO - Train Loss: 20774.3732
2025-03-25 08:13:03,698 - INFO - Val Loss: 23920.1306
2025-03-25 08:13:03,807 - INFO - Epoch 71/100:
2025-03-25 08:13:03,808 - INFO - Train Loss: 21030.4694
2025-03-25 08:13:03,808 - INFO - Val Loss: 23920.2509
2025-03-25 08:13:03,920 - INFO - Epoch 72/100:
2025-03-25 08:13:03,921 - INFO - Train Loss: 20520.6144
2025-03-25 08:13:03,921 - INFO - Val Loss: 23918.2263
2025-03-25 08:13:04,034 - INFO - Epoch 73/100:
2025-03-25 08:13:04,035 - INFO - Train Loss: 21522.7156
2025-03-25 08:13:04,035 - INFO - Val Loss: 23920.2776
2025-03-25 08:13:04,149 - INFO - Epoch 74/100:
2025-03-25 08:13:04,150 - INFO - Train Loss: 21004.0158
2025-03-25 08:13:04,151 - INFO - Val Loss: 23921.4329
2025-03-25 08:13:04,264 - INFO - Epoch 75/100:
2025-03-25 08:13:04,265 - INFO - Train Loss: 21028.6819
2025-03-25 08:13:04,265 - INFO - Val Loss: 23921.0377
2025-03-25 08:13:04,380 - INFO - Epoch 76/100:
2025-03-25 08:13:04,380 - INFO - Train Loss: 20524.0519
2025-03-25 08:13:04,380 - INFO - Val Loss: 23918.2394
2025-03-25 08:13:04,490 - INFO - Epoch 77/100:
2025-03-25 08:13:04,490 - INFO - Train Loss: 20761.0343
2025-03-25 08:13:04,491 - INFO - Val Loss: 23919.9761
2025-03-25 08:13:04,604 - INFO - Epoch 78/100:
2025-03-25 08:13:04,605 - INFO - Train Loss: 22022.4017
2025-03-25 08:13:04,605 - INFO - Val Loss: 23917.9846
2025-03-25 08:13:04,720 - INFO - Epoch 79/100:
2025-03-25 08:13:04,720 - INFO - Train Loss: 21767.0839
2025-03-25 08:13:04,721 - INFO - Val Loss: 23921.3776
2025-03-25 08:13:04,834 - INFO - Epoch 80/100:
2025-03-25 08:13:04,835 - INFO - Train Loss: 20771.0239
2025-03-25 08:13:04,835 - INFO - Val Loss: 23918.6780
2025-03-25 08:13:04,948 - INFO - Epoch 81/100:
2025-03-25 08:13:04,949 - INFO - Train Loss: 20775.4153
2025-03-25 08:13:04,949 - INFO - Val Loss: 23916.6572
2025-03-25 08:13:04,952 - INFO - Сохранена лучшая модель
2025-03-25 08:13:05,066 - INFO - Epoch 82/100:
2025-03-25 08:13:05,066 - INFO - Train Loss: 20518.5600
2025-03-25 08:13:05,066 - INFO - Val Loss: 23919.8148
2025-03-25 08:13:05,178 - INFO - Epoch 83/100:
2025-03-25 08:13:05,178 - INFO - Train Loss: 21263.5589
2025-03-25 08:13:05,179 - INFO - Val Loss: 23920.3983
2025-03-25 08:13:05,295 - INFO - Epoch 84/100:
2025-03-25 08:13:05,296 - INFO - Train Loss: 21020.0325
2025-03-25 08:13:05,296 - INFO - Val Loss: 23919.5560
2025-03-25 08:13:05,413 - INFO - Epoch 85/100:
2025-03-25 08:13:05,413 - INFO - Train Loss: 20503.8869
2025-03-25 08:13:05,413 - INFO - Val Loss: 23919.9034
2025-03-25 08:13:05,524 - INFO - Epoch 86/100:
2025-03-25 08:13:05,524 - INFO - Train Loss: 21247.1370
2025-03-25 08:13:05,525 - INFO - Val Loss: 23919.4373
2025-03-25 08:13:05,638 - INFO - Epoch 87/100:
2025-03-25 08:13:05,639 - INFO - Train Loss: 21265.4367
2025-03-25 08:13:05,639 - INFO - Val Loss: 23918.4110
2025-03-25 08:13:05,789 - INFO - Epoch 88/100:
2025-03-25 08:13:05,790 - INFO - Train Loss: 21772.8212
2025-03-25 08:13:05,791 - INFO - Val Loss: 23922.1058
2025-03-25 08:13:05,919 - INFO - Epoch 89/100:
2025-03-25 08:13:05,919 - INFO - Train Loss: 20787.5003
2025-03-25 08:13:05,920 - INFO - Val Loss: 23920.2061
2025-03-25 08:13:06,037 - INFO - Epoch 90/100:
2025-03-25 08:13:06,037 - INFO - Train Loss: 20995.3603
2025-03-25 08:13:06,038 - INFO - Val Loss: 23918.9081
2025-03-25 08:13:06,152 - INFO - Epoch 91/100:
2025-03-25 08:13:06,152 - INFO - Train Loss: 20759.1037
2025-03-25 08:13:06,152 - INFO - Val Loss: 23920.2478
2025-03-25 08:13:06,264 - INFO - Epoch 92/100:
2025-03-25 08:13:06,265 - INFO - Train Loss: 21014.3422
2025-03-25 08:13:06,265 - INFO - Val Loss: 23920.1008
2025-03-25 08:13:06,379 - INFO - Epoch 93/100:
2025-03-25 08:13:06,379 - INFO - Train Loss: 21752.3247
2025-03-25 08:13:06,379 - INFO - Val Loss: 23916.2480
2025-03-25 08:13:06,382 - INFO - Сохранена лучшая модель
2025-03-25 08:13:06,500 - INFO - Epoch 94/100:
2025-03-25 08:13:06,500 - INFO - Train Loss: 21493.8188
2025-03-25 08:13:06,501 - INFO - Val Loss: 23919.3024
2025-03-25 08:13:06,618 - INFO - Epoch 95/100:
2025-03-25 08:13:06,619 - INFO - Train Loss: 21274.6088
2025-03-25 08:13:06,619 - INFO - Val Loss: 23918.8431
2025-03-25 08:13:06,735 - INFO - Epoch 96/100:
2025-03-25 08:13:06,735 - INFO - Train Loss: 20776.6863
2025-03-25 08:13:06,736 - INFO - Val Loss: 23919.5703
2025-03-25 08:13:06,851 - INFO - Epoch 97/100:
2025-03-25 08:13:06,851 - INFO - Train Loss: 21748.4211
2025-03-25 08:13:06,852 - INFO - Val Loss: 23918.8897
2025-03-25 08:13:06,967 - INFO - Epoch 98/100:
2025-03-25 08:13:06,967 - INFO - Train Loss: 20994.0253
2025-03-25 08:13:06,968 - INFO - Val Loss: 23922.6527
2025-03-25 08:13:07,076 - INFO - Epoch 99/100:
2025-03-25 08:13:07,077 - INFO - Train Loss: 20536.5627
2025-03-25 08:13:07,077 - INFO - Val Loss: 23920.6670
2025-03-25 08:13:07,196 - INFO - Epoch 100/100:
2025-03-25 08:13:07,196 - INFO - Train Loss: 20535.2690
2025-03-25 08:13:07,196 - INFO - Val Loss: 23921.0525
2025-03-25 08:13:07,198 - INFO - Обучение завершено!
